112233
aabbcc
qwertyuiop112233
aabbcc
qwertyuiop112233
aabbcc
qwertyuiop112233
aabbcc
qwertyuiop112233
aabbcc
qwertyuiop112233
aabbcc
qwertyuiop112233
aabbcc
qwertyuiop112233
aabbcc
qwertyuiop112233
aabbcc
qwertyuiop112233
aabbcc
qwertyuiop112233
aabbcc
qwertyuiop
